// Jest Snapshot v1, https://goo.gl/fbAQLP

exports[`Background It should match the snapshot 1`] = `ShallowWrapper {}`;
